V3 7
FL /var/scratch/labhardware/mux4/mux2b.vhd 2022/06/09.11:53:25 P.68d
EN work/mux2b 1654787097 FL /var/scratch/labhardware/mux4/mux2b.vhd \
      PB ieee/std_logic_1164 1370735607
AR work/mux2b/Behavioral 1654787098 \
      FL /var/scratch/labhardware/mux4/mux2b.vhd EN work/mux2b 1654787097
FL /var/scratch/labhardware/mux4/mux4b.vhd 2022/06/09.12:04:50 P.68d
EN work/mux4b 1654787099 FL /var/scratch/labhardware/mux4/mux4b.vhd \
      PB ieee/std_logic_1164 1370735607
AR work/mux4b/Behavioral 1654787100 \
      FL /var/scratch/labhardware/mux4/mux4b.vhd EN work/mux4b 1654787099 CP mux2b
