AR or8b behavioral /var/scratch/labgeral/Downloads/TP_PROCESSADOR_VHDL-main/or8b/or8b.vhd sub00/vhpl03 1654793951
EN or4b NULL /var/scratch/labgeral/Downloads/TP_PROCESSADOR_VHDL-main/or8b/or4b.vhd sub00/vhpl00 1654793948
EN or8b NULL /var/scratch/labgeral/Downloads/TP_PROCESSADOR_VHDL-main/or8b/or8b.vhd sub00/vhpl02 1654793950
AR or4b behavioral /var/scratch/labgeral/Downloads/TP_PROCESSADOR_VHDL-main/or8b/or4b.vhd sub00/vhpl01 1654793949
